Release 14.7 - xst P.20131013 (nt)
Copyright (c) 1995-2013 Xilinx, Inc.  All rights reserved.
--> Parameter TMPDIR set to xst/projnav.tmp


Total REAL time to Xst completion: 0.00 secs
Total CPU time to Xst completion: 0.11 secs
 
--> Parameter xsthdpdir set to xst


Total REAL time to Xst completion: 0.00 secs
Total CPU time to Xst completion: 0.11 secs
 
--> Reading design: top.prj

TABLE OF CONTENTS
  1) Synthesis Options Summary
  2) HDL Parsing
  3) HDL Elaboration
  4) HDL Synthesis
       4.1) HDL Synthesis Report
  5) Advanced HDL Synthesis
       5.1) Advanced HDL Synthesis Report
  6) Low Level Synthesis
  7) Partition Report
  8) Design Summary
       8.1) Primitive and Black Box Usage
       8.2) Device utilization summary
       8.3) Partition Resource Summary
       8.4) Timing Report
            8.4.1) Clock Information
            8.4.2) Asynchronous Control Signals Information
            8.4.3) Timing Summary
            8.4.4) Timing Details
            8.4.5) Cross Clock Domains Report


=========================================================================
*                      Synthesis Options Summary                        *
=========================================================================
---- Source Parameters
Input File Name                    : "top.prj"
Ignore Synthesis Constraint File   : NO

---- Target Parameters
Output File Name                   : "top"
Output Format                      : NGC
Target Device                      : xc6slx9-2-tqg144

---- Source Options
Top Module Name                    : top
Automatic FSM Extraction           : YES
FSM Encoding Algorithm             : Auto
Safe Implementation                : No
FSM Style                          : LUT
RAM Extraction                     : Yes
RAM Style                          : Auto
ROM Extraction                     : Yes
Shift Register Extraction          : YES
ROM Style                          : Auto
Resource Sharing                   : YES
Asynchronous To Synchronous        : NO
Shift Register Minimum Size        : 2
Use DSP Block                      : Auto
Automatic Register Balancing       : No

---- Target Options
LUT Combining                      : Auto
Reduce Control Sets                : Auto
Add IO Buffers                     : YES
Global Maximum Fanout              : 100000
Add Generic Clock Buffer(BUFG)     : 16
Register Duplication               : YES
Optimize Instantiated Primitives   : NO
Use Clock Enable                   : Auto
Use Synchronous Set                : Auto
Use Synchronous Reset              : Auto
Pack IO Registers into IOBs        : Auto
Equivalent register Removal        : YES

---- General Options
Optimization Goal                  : Speed
Optimization Effort                : 1
Power Reduction                    : NO
Keep Hierarchy                     : No
Netlist Hierarchy                  : As_Optimized
RTL Output                         : Yes
Global Optimization                : AllClockNets
Read Cores                         : YES
Write Timing Constraints           : NO
Cross Clock Analysis               : NO
Hierarchy Separator                : /
Bus Delimiter                      : <>
Case Specifier                     : Maintain
Slice Utilization Ratio            : 100
BRAM Utilization Ratio             : 100
DSP48 Utilization Ratio            : 100
Auto BRAM Packing                  : NO
Slice Utilization Ratio Delta      : 5

---- Other Options
Cores Search Directories           : {"ipcore_dir"  }

=========================================================================


=========================================================================
*                          HDL Parsing                                  *
=========================================================================
Parsing VHDL file "C:\Users\Development\Desktop\DG800 final\ipcore_dir\ram_2Kx8_pcg.vhd" into library work
Parsing entity <ram_2Kx8_pcg>.
Parsing architecture <ram_2Kx8_pcg_a> of entity <ram_2kx8_pcg>.
Parsing VHDL file "C:\Users\Development\Desktop\DG800 final\ipcore_dir\gra_gen_rom.vhd" into library work
Parsing entity <gra_gen_rom>.
Parsing architecture <gra_gen_rom_a> of entity <gra_gen_rom>.
Parsing VHDL file "C:\Users\Development\Desktop\DG800 final\ipcore_dir\chr_gen_rom.vhd" into library work
Parsing entity <chr_gen_rom>.
Parsing architecture <chr_gen_rom_a> of entity <chr_gen_rom>.
Parsing VHDL file "C:\Users\Development\Desktop\DG800 final\ipcore_dir\ram_2Kx8_attr.vhd" into library work
Parsing entity <ram_2Kx8_attr>.
Parsing architecture <ram_2Kx8_attr_a> of entity <ram_2kx8_attr>.
Parsing VHDL file "C:\Users\Development\Desktop\DG800 final\ipcore_dir\ram_2Kx8_chr.vhd" into library work
Parsing entity <ram_2Kx8_chr>.
Parsing architecture <ram_2Kx8_chr_a> of entity <ram_2kx8_chr>.
Parsing VHDL file "C:\Users\Development\Desktop\DG800 final\src\vga_pix_clk_gen.vhd" into library work
Parsing entity <vga_pix_clk_gen>.
Parsing architecture <xilinx> of entity <vga_pix_clk_gen>.
Parsing VHDL file "C:\Users\Development\Desktop\DG800 final\src\vga_system.vhd" into library work
Parsing entity <vga_system>.
Parsing architecture <IMP> of entity <vga_system>.
Parsing VHDL file "C:\Users\Development\Desktop\DG800 final\src\clock_system.vhd" into library work
Parsing entity <clock_system>.
Parsing architecture <IMP> of entity <clock_system>.
Parsing VHDL file "C:\Users\Development\Desktop\DG800 final\src\bus_system.vhd" into library work
Parsing entity <bus_system>.
Parsing architecture <IMP> of entity <bus_system>.
Parsing VHDL file "C:\Users\Development\Desktop\DG800 final\src\top.vhd" into library work
Parsing entity <top>.
Parsing architecture <IMP> of entity <top>.

=========================================================================
*                            HDL Elaboration                            *
=========================================================================

Elaborating entity <top> (architecture <IMP>) from library <work>.

Elaborating entity <clock_system> (architecture <IMP>) from library <work>.

Elaborating entity <vga_pix_clk_gen> (architecture <xilinx>) from library <work>.

Elaborating entity <bus_system> (architecture <IMP>) from library <work>.
INFO:HDLCompiler:679 - "C:\Users\Development\Desktop\DG800 final\src\bus_system.vhd" Line 85. Case statement is complete. others clause is never selected
INFO:HDLCompiler:679 - "C:\Users\Development\Desktop\DG800 final\src\bus_system.vhd" Line 131. Case statement is complete. others clause is never selected

Elaborating entity <vga_system> (architecture <IMP>) with generics from library <work>.

Elaborating entity <ram_2Kx8_chr> (architecture <ram_2Kx8_chr_a>) from library <work>.

Elaborating entity <ram_2Kx8_attr> (architecture <ram_2Kx8_attr_a>) from library <work>.

Elaborating entity <ram_2Kx8_pcg> (architecture <ram_2Kx8_pcg_a>) from library <work>.

Elaborating entity <chr_gen_rom> (architecture <chr_gen_rom_a>) from library <work>.

Elaborating entity <gra_gen_rom> (architecture <gra_gen_rom_a>) from library <work>.
INFO:HDLCompiler:679 - "C:\Users\Development\Desktop\DG800 final\src\top.vhd" Line 441. Case statement is complete. others clause is never selected

=========================================================================
*                           HDL Synthesis                               *
=========================================================================

Synthesizing Unit <top>.
    Related source file is "C:\Users\Development\Desktop\DG800 final\src\top.vhd".
    Register <chr_mem_vga_addr> equivalent to <attr_mem_vga_addr> has been removed
    Register <gra_gen_rom_addr> equivalent to <chr_gen_rom_addr> has been removed
    Found 11-bit register for signal <attr_mem_vga_addr>.
    Found 10-bit register for signal <vaddr_s1>.
    Found 10-bit register for signal <haddr_s1>.
    Found 10-bit register for signal <haddr_s2>.
    Found 10-bit register for signal <haddr_s3>.
    Found 12-bit register for signal <chr_gen_rom_addr>.
    Found 11-bit register for signal <pcg_mem_vga_addr>.
    Found 8-bit register for signal <attr_s3>.
    Found 1-bit register for signal <pcg_sel_s3>.
    Found 10-bit register for signal <haddr_s4>.
    Found 8-bit register for signal <attr_s4>.
    Found 1-bit register for signal <pcg_sel_s4>.
    Found 10-bit register for signal <haddr_s5>.
    Found 7-bit register for signal <attr_s5>.
    Found 1-bit register for signal <pixel_data>.
    Found 1-bit register for signal <red_out>.
    Found 1-bit register for signal <green_out>.
    Found 1-bit register for signal <blue_out>.
    Found 24-bit register for signal <flash_cnt>.
    Found 1-bit register for signal <flash_toggle>.
    Found 24-bit adder for signal <flash_cnt[23]_GND_5_o_add_23_OUT> created at line 452.
    Found 8x3-bit Read Only RAM for signal <_n0119>
    Found 1-bit 8-to-1 multiplexer for signal <pixel_addr[2]_chr_gen_rom_data[7]_Mux_2_o> created at line 389.
    Found 1-bit 8-to-1 multiplexer for signal <pixel_addr[2]_pcg_mem_vga_rd_data[7]_Mux_3_o> created at line 391.
    Found 1-bit 8-to-1 multiplexer for signal <pixel_addr[2]_gra_gen_rom_data[7]_Mux_4_o> created at line 394.
    Found 1-bit tristate buffer for signal <data_inout<7>> created at line 260
    Found 1-bit tristate buffer for signal <data_inout<6>> created at line 260
    Found 1-bit tristate buffer for signal <data_inout<5>> created at line 260
    Found 1-bit tristate buffer for signal <data_inout<4>> created at line 260
    Found 1-bit tristate buffer for signal <data_inout<3>> created at line 260
    Found 1-bit tristate buffer for signal <data_inout<2>> created at line 260
    Found 1-bit tristate buffer for signal <data_inout<1>> created at line 260
    Found 1-bit tristate buffer for signal <data_inout<0>> created at line 260
    Found 10-bit comparator lessequal for signal <n0014> created at line 399
    Found 10-bit comparator lessequal for signal <n0016> created at line 399
    Summary:
	inferred   1 RAM(s).
	inferred   1 Adder/Subtractor(s).
	inferred 148 D-type flip-flop(s).
	inferred   2 Comparator(s).
	inferred  11 Multiplexer(s).
	inferred   8 Tristate(s).
Unit <top> synthesized.

Synthesizing Unit <clock_system>.
    Related source file is "C:\Users\Development\Desktop\DG800 final\src\clock_system.vhd".
    Summary:
	no macro.
Unit <clock_system> synthesized.

Synthesizing Unit <vga_pix_clk_gen>.
    Related source file is "C:\Users\Development\Desktop\DG800 final\src\vga_pix_clk_gen.vhd".
    Summary:
	no macro.
Unit <vga_pix_clk_gen> synthesized.

Synthesizing Unit <bus_system>.
    Related source file is "C:\Users\Development\Desktop\DG800 final\src\bus_system.vhd".
    Register <pcg_mem_bus_data_out> equivalent to <chr_mem_bus_data_out> has been removed
    Register <attr_mem_bus_data_out> equivalent to <chr_mem_bus_data_out> has been removed
    Register <pcg_mem_bus_addr_out> equivalent to <chr_mem_bus_addr_out> has been removed
    Register <attr_mem_bus_addr_out> equivalent to <chr_mem_bus_addr_out> has been removed
    Found 8-bit register for signal <data_wr>.
    Found 1-bit register for signal <rnw>.
    Found 1-bit register for signal <ce_n>.
    Found 2-bit register for signal <strb_sr>.
    Found 11-bit register for signal <chr_mem_bus_addr_out>.
    Found 8-bit register for signal <chr_mem_bus_data_out>.
    Found 1-bit register for signal <chr_mem_we_out>.
    Found 1-bit register for signal <attr_mem_we_out>.
    Found 1-bit register for signal <pcg_mem_we_out>.
    Found 13-bit register for signal <addr>.
    Found 4x3-bit Read Only RAM for signal <_n0054>
    Found 8-bit 3-to-1 multiplexer for signal <data_out> created at line 122.
    Summary:
	inferred   1 RAM(s).
	inferred  47 D-type flip-flop(s).
	inferred   1 Multiplexer(s).
Unit <bus_system> synthesized.

Synthesizing Unit <vga_system>.
    Related source file is "C:\Users\Development\Desktop\DG800 final\src\vga_system.vhd".
        C_COLUMNS = 73
        C_ROWS = 28
        C_SYS_DELAY = 6
        C_CNT_WIDTH = 10
        C_CHR_ADDR_WIDTH = 11
        C_H_SCANLINE_WIDTH = 800
        C_H_DISPLAY_AREA = 640
        C_H_BACK_PORCH = 48
        C_H_FRONT_PORCH = 16
        C_HSYNC_WIDTH = 96
        C_V_FRAME_HEIGHT = 525
        C_V_DISPLAY_AREA = 480
        C_V_FRONT_PORCH = 10
        C_V_BACK_PORCH = 33
        C_VSYNC_WIDTH = 2
    Found 1-bit register for signal <hsync_out>.
    Found 1-bit register for signal <h_line_end>.
    Found 1-bit register for signal <h_area_start>.
    Found 10-bit register for signal <haddr_cnt>.
    Found 10-bit register for signal <v_cnt>.
    Found 1-bit register for signal <vsync_out>.
    Found 10-bit register for signal <vaddr_cnt>.
    Found 11-bit register for signal <row_cnt>.
    Found 10-bit register for signal <haddr_cnt_out>.
    Found 10-bit register for signal <vaddr_cnt_out>.
    Found 11-bit register for signal <chr_cnt_out>.
    Found 10-bit register for signal <h_cnt>.
    Found 10-bit adder for signal <h_cnt[9]_GND_20_o_add_1_OUT> created at line 1241.
    Found 10-bit adder for signal <haddr_cnt[9]_GND_20_o_add_8_OUT> created at line 1241.
    Found 10-bit adder for signal <v_cnt[9]_GND_20_o_add_13_OUT> created at line 1241.
    Found 10-bit adder for signal <vaddr_cnt[9]_GND_20_o_add_20_OUT> created at line 1241.
    Found 11-bit adder for signal <row_cnt[10]_GND_20_o_add_23_OUT> created at line 130.
    Found 11-bit adder for signal <chr_cnt> created at line 145.
    Found 10-bit comparator greater for signal <n0000> created at line 62
    Found 10-bit comparator greater for signal <haddr_cnt[9]_PWR_11_o_LessThan_8_o> created at line 89
    Found 10-bit comparator lessequal for signal <n0018> created at line 99
    Summary:
	inferred   6 Adder/Subtractor(s).
	inferred  86 D-type flip-flop(s).
	inferred   3 Comparator(s).
Unit <vga_system> synthesized.

=========================================================================
HDL Synthesis Report

Macro Statistics
# RAMs                                                 : 2
 4x3-bit single-port Read Only RAM                     : 1
 8x3-bit single-port Read Only RAM                     : 1
# Adders/Subtractors                                   : 7
 10-bit adder                                          : 4
 11-bit adder                                          : 2
 24-bit adder                                          : 1
# Registers                                            : 40
 1-bit register                                        : 13
 10-bit register                                       : 12
 11-bit register                                       : 5
 12-bit register                                       : 1
 13-bit register                                       : 1
 2-bit register                                        : 1
 24-bit register                                       : 1
 3-bit register                                        : 1
 7-bit register                                        : 1
 8-bit register                                        : 4
# Comparators                                          : 5
 10-bit comparator greater                             : 2
 10-bit comparator lessequal                           : 3
# Multiplexers                                         : 12
 1-bit 2-to-1 multiplexer                              : 8
 1-bit 8-to-1 multiplexer                              : 3
 8-bit 3-to-1 multiplexer                              : 1
# Tristates                                            : 8
 1-bit tristate buffer                                 : 8

=========================================================================

=========================================================================
*                       Advanced HDL Synthesis                          *
=========================================================================

Reading core <ipcore_dir/ram_2Kx8_chr.ngc>.
Reading core <ipcore_dir/ram_2Kx8_attr.ngc>.
Reading core <ipcore_dir/ram_2Kx8_pcg.ngc>.
Reading core <ipcore_dir/chr_gen_rom.ngc>.
Reading core <ipcore_dir/gra_gen_rom.ngc>.
Loading core <ram_2Kx8_chr> for timing and area information for instance <character_mem_inst>.
Loading core <ram_2Kx8_attr> for timing and area information for instance <attributes_mem_inst>.
Loading core <ram_2Kx8_pcg> for timing and area information for instance <pcg_mem_inst>.
Loading core <chr_gen_rom> for timing and area information for instance <chr_gen_rom_inst>.
Loading core <gra_gen_rom> for timing and area information for instance <gra_gen_rom_inst>.

Synthesizing (advanced) Unit <bus_system>.
INFO:Xst:3231 - The small RAM <Mram__n0054> will be implemented on LUTs in order to maximize performance and save block RAM resources. If you want to force its implementation on block, use option/constraint ram_style.
    -----------------------------------------------------------------------
    | ram_type           | Distributed                         |          |
    -----------------------------------------------------------------------
    | Port A                                                              |
    |     aspect ratio   | 4-word x 3-bit                      |          |
    |     weA            | connected to signal <GND>           | high     |
    |     addrA          | connected to signal <addr<12:11>>   |          |
    |     diA            | connected to signal <GND>           |          |
    |     doA            | connected to internal node          |          |
    -----------------------------------------------------------------------
Unit <bus_system> synthesized (advanced).

Synthesizing (advanced) Unit <top>.
The following registers are absorbed into counter <flash_cnt>: 1 register on signal <flash_cnt>.
INFO:Xst:3231 - The small RAM <Mram__n0119> will be implemented on LUTs in order to maximize performance and save block RAM resources. If you want to force its implementation on block, use option/constraint ram_style.
    -----------------------------------------------------------------------
    | ram_type           | Distributed                         |          |
    -----------------------------------------------------------------------
    | Port A                                                              |
    |     aspect ratio   | 8-word x 3-bit                      |          |
    |     weA            | connected to signal <GND>           | high     |
    |     addrA          | connected to signal <haddr_s4<2:0>> |          |
    |     diA            | connected to signal <GND>           |          |
    |     doA            | connected to internal node          |          |
    -----------------------------------------------------------------------
Unit <top> synthesized (advanced).

Synthesizing (advanced) Unit <vga_system>.
The following registers are absorbed into counter <h_cnt>: 1 register on signal <h_cnt>.
The following registers are absorbed into counter <haddr_cnt>: 1 register on signal <haddr_cnt>.
The following registers are absorbed into counter <v_cnt>: 1 register on signal <v_cnt>.
The following registers are absorbed into counter <vaddr_cnt>: 1 register on signal <vaddr_cnt>.
The following registers are absorbed into accumulator <row_cnt>: 1 register on signal <row_cnt>.
Unit <vga_system> synthesized (advanced).

=========================================================================
Advanced HDL Synthesis Report

Macro Statistics
# RAMs                                                 : 2
 4x3-bit single-port distributed Read Only RAM         : 1
 8x3-bit single-port distributed Read Only RAM         : 1
# Adders/Subtractors                                   : 1
 11-bit adder                                          : 1
# Counters                                             : 5
 10-bit up counter                                     : 4
 24-bit up counter                                     : 1
# Accumulators                                         : 1
 11-bit up accumulator                                 : 1
# Registers                                            : 206
 Flip-Flops                                            : 206
# Comparators                                          : 5
 10-bit comparator greater                             : 2
 10-bit comparator lessequal                           : 3
# Multiplexers                                         : 12
 1-bit 2-to-1 multiplexer                              : 8
 1-bit 8-to-1 multiplexer                              : 3
 8-bit 3-to-1 multiplexer                              : 1

=========================================================================

=========================================================================
*                         Low Level Synthesis                           *
=========================================================================
INFO:Xst:2261 - The FF/Latch <chr_gen_rom_addr_4> in Unit <top> is equivalent to the following FF/Latch, which will be removed : <pcg_mem_vga_addr_4> 
INFO:Xst:2261 - The FF/Latch <chr_gen_rom_addr_5> in Unit <top> is equivalent to the following FF/Latch, which will be removed : <pcg_mem_vga_addr_5> 
INFO:Xst:2261 - The FF/Latch <chr_gen_rom_addr_6> in Unit <top> is equivalent to the following FF/Latch, which will be removed : <pcg_mem_vga_addr_6> 
INFO:Xst:2261 - The FF/Latch <chr_gen_rom_addr_7> in Unit <top> is equivalent to the following FF/Latch, which will be removed : <pcg_mem_vga_addr_7> 
INFO:Xst:2261 - The FF/Latch <chr_gen_rom_addr_8> in Unit <top> is equivalent to the following FF/Latch, which will be removed : <pcg_mem_vga_addr_8> 
INFO:Xst:2261 - The FF/Latch <chr_gen_rom_addr_9> in Unit <top> is equivalent to the following FF/Latch, which will be removed : <pcg_mem_vga_addr_9> 
INFO:Xst:2261 - The FF/Latch <chr_gen_rom_addr_10> in Unit <top> is equivalent to the following FF/Latch, which will be removed : <pcg_mem_vga_addr_10> 
INFO:Xst:2261 - The FF/Latch <chr_gen_rom_addr_11> in Unit <top> is equivalent to the following FF/Latch, which will be removed : <pcg_sel_s3> 
INFO:Xst:2261 - The FF/Latch <chr_gen_rom_addr_0> in Unit <top> is equivalent to the following FF/Latch, which will be removed : <pcg_mem_vga_addr_0> 
INFO:Xst:2261 - The FF/Latch <chr_gen_rom_addr_1> in Unit <top> is equivalent to the following FF/Latch, which will be removed : <pcg_mem_vga_addr_1> 
INFO:Xst:2261 - The FF/Latch <chr_gen_rom_addr_2> in Unit <top> is equivalent to the following FF/Latch, which will be removed : <pcg_mem_vga_addr_2> 
INFO:Xst:2261 - The FF/Latch <chr_gen_rom_addr_3> in Unit <top> is equivalent to the following FF/Latch, which will be removed : <pcg_mem_vga_addr_3> 
WARNING:Xst:2677 - Node <vaddr_s1_4> of sequential type is unconnected in block <top>.
WARNING:Xst:2677 - Node <vaddr_s1_5> of sequential type is unconnected in block <top>.
WARNING:Xst:2677 - Node <haddr_s5_0> of sequential type is unconnected in block <top>.
WARNING:Xst:2677 - Node <haddr_s5_1> of sequential type is unconnected in block <top>.
WARNING:Xst:2677 - Node <haddr_s5_2> of sequential type is unconnected in block <top>.
INFO:Xst:1901 - Instance clock_system_inst/clk_wiz_inst/pll_base_inst in unit clock_system_inst/clk_wiz_inst/pll_base_inst of type PLL_BASE has been replaced by PLL_ADV

Optimizing unit <top> ...

Optimizing unit <bus_system> ...

Optimizing unit <vga_system> ...
WARNING:Xst:2677 - Node <vga_sys_inst/vaddr_cnt_out_5> of sequential type is unconnected in block <top>.
WARNING:Xst:2677 - Node <vga_sys_inst/vaddr_cnt_out_4> of sequential type is unconnected in block <top>.

Mapping all equations...
Building and optimizing final netlist ...
Found area constraint ratio of 100 (+ 5) on block top, actual ratio is 6.

Final Macro Processing ...

Processing Unit <top> :
	Found 2-bit shift register for signal <attr_mem_vga_addr_0>.
	Found 2-bit shift register for signal <attr_mem_vga_addr_1>.
	Found 2-bit shift register for signal <attr_mem_vga_addr_2>.
	Found 2-bit shift register for signal <attr_mem_vga_addr_3>.
	Found 2-bit shift register for signal <attr_mem_vga_addr_4>.
	Found 2-bit shift register for signal <attr_mem_vga_addr_5>.
	Found 2-bit shift register for signal <attr_mem_vga_addr_6>.
	Found 2-bit shift register for signal <attr_mem_vga_addr_7>.
	Found 2-bit shift register for signal <attr_mem_vga_addr_8>.
	Found 2-bit shift register for signal <attr_mem_vga_addr_9>.
	Found 2-bit shift register for signal <attr_mem_vga_addr_10>.
	Found 2-bit shift register for signal <vaddr_s1_6>.
	Found 2-bit shift register for signal <vaddr_s1_7>.
	Found 2-bit shift register for signal <vaddr_s1_8>.
	Found 2-bit shift register for signal <vaddr_s1_9>.
	Found 3-bit shift register for signal <chr_gen_rom_addr_0>.
	Found 3-bit shift register for signal <chr_gen_rom_addr_1>.
	Found 3-bit shift register for signal <chr_gen_rom_addr_2>.
	Found 3-bit shift register for signal <chr_gen_rom_addr_3>.
	Found 5-bit shift register for signal <haddr_s4_0>.
	Found 5-bit shift register for signal <haddr_s4_1>.
	Found 5-bit shift register for signal <haddr_s4_2>.
	Found 2-bit shift register for signal <attr_s4_1>.
	Found 6-bit shift register for signal <haddr_s5_3>.
	Found 6-bit shift register for signal <haddr_s5_4>.
	Found 6-bit shift register for signal <haddr_s5_5>.
	Found 6-bit shift register for signal <haddr_s5_6>.
	Found 6-bit shift register for signal <haddr_s5_7>.
	Found 6-bit shift register for signal <haddr_s5_8>.
	Found 6-bit shift register for signal <haddr_s5_9>.
	Found 3-bit shift register for signal <attr_s5_0>.
	Found 3-bit shift register for signal <attr_s5_1>.
	Found 3-bit shift register for signal <attr_s5_2>.
	Found 3-bit shift register for signal <attr_s5_3>.
	Found 3-bit shift register for signal <attr_s5_4>.
	Found 3-bit shift register for signal <attr_s5_5>.
	Found 3-bit shift register for signal <attr_s5_6>.
	Found 2-bit shift register for signal <bus_system_inst/chr_mem_bus_addr_out_10>.
	Found 2-bit shift register for signal <bus_system_inst/chr_mem_bus_addr_out_9>.
	Found 2-bit shift register for signal <bus_system_inst/chr_mem_bus_addr_out_8>.
	Found 2-bit shift register for signal <bus_system_inst/chr_mem_bus_addr_out_7>.
	Found 2-bit shift register for signal <bus_system_inst/chr_mem_bus_addr_out_6>.
	Found 2-bit shift register for signal <bus_system_inst/chr_mem_bus_addr_out_5>.
	Found 2-bit shift register for signal <bus_system_inst/chr_mem_bus_addr_out_4>.
	Found 2-bit shift register for signal <bus_system_inst/chr_mem_bus_addr_out_3>.
	Found 2-bit shift register for signal <bus_system_inst/chr_mem_bus_addr_out_2>.
	Found 2-bit shift register for signal <bus_system_inst/chr_mem_bus_addr_out_1>.
	Found 2-bit shift register for signal <bus_system_inst/chr_mem_bus_addr_out_0>.
	Found 2-bit shift register for signal <bus_system_inst/chr_mem_bus_data_out_7>.
	Found 2-bit shift register for signal <bus_system_inst/chr_mem_bus_data_out_6>.
	Found 2-bit shift register for signal <bus_system_inst/chr_mem_bus_data_out_5>.
	Found 2-bit shift register for signal <bus_system_inst/chr_mem_bus_data_out_4>.
	Found 2-bit shift register for signal <bus_system_inst/chr_mem_bus_data_out_3>.
	Found 2-bit shift register for signal <bus_system_inst/chr_mem_bus_data_out_2>.
	Found 2-bit shift register for signal <bus_system_inst/chr_mem_bus_data_out_1>.
	Found 2-bit shift register for signal <bus_system_inst/chr_mem_bus_data_out_0>.
Unit <top> processed.

=========================================================================
Final Register Report

Macro Statistics
# Registers                                            : 102
 Flip-Flops                                            : 102
# Shift Registers                                      : 56
 2-bit shift register                                  : 35
 3-bit shift register                                  : 11
 5-bit shift register                                  : 3
 6-bit shift register                                  : 7

=========================================================================

=========================================================================
*                           Partition Report                            *
=========================================================================

Partition Implementation Status
-------------------------------

  No Partitions were found in this design.

-------------------------------

=========================================================================
*                            Design Summary                             *
=========================================================================

Top Level Output File Name         : top.ngc

Primitive and Black Box Usage:
------------------------------
# BELS                             : 324
#      GND                         : 6
#      INV                         : 6
#      LUT1                        : 63
#      LUT2                        : 11
#      LUT3                        : 3
#      LUT4                        : 8
#      LUT5                        : 46
#      LUT6                        : 28
#      MUXCY                       : 69
#      MUXF7                       : 3
#      VCC                         : 6
#      XORCY                       : 75
# FlipFlops/Latches                : 158
#      FD                          : 55
#      FDE                         : 56
#      FDR                         : 17
#      FDRE                        : 30
# RAMS                             : 7
#      RAMB16BWER                  : 7
# Shift Registers                  : 56
#      SRLC16E                     : 56
# Clock Buffers                    : 3
#      BUFG                        : 3
# IO Buffers                       : 30
#      IBUF                        : 16
#      IBUFG                       : 1
#      IOBUF                       : 8
#      OBUF                        : 5
# Others                           : 1
#      PLL_ADV                     : 1

Device utilization summary:
---------------------------

Selected Device : 6slx9tqg144-2 


Slice Logic Utilization: 
 Number of Slice Registers:             158  out of  11440     1%  
 Number of Slice LUTs:                  221  out of   5720     3%  
    Number used as Logic:               165  out of   5720     2%  
    Number used as Memory:               56  out of   1440     3%  
       Number used as SRL:               56

Slice Logic Distribution: 
 Number of LUT Flip Flop pairs used:    231
   Number with an unused Flip Flop:      73  out of    231    31%  
   Number with an unused LUT:            10  out of    231     4%  
   Number of fully used LUT-FF pairs:   148  out of    231    64%  
   Number of unique control sets:        10

IO Utilization: 
 Number of IOs:                          30
 Number of bonded IOBs:                  30  out of    102    29%  

Specific Feature Utilization:
 Number of Block RAM/FIFO:                7  out of     32    21%  
    Number using Block RAM only:          7
 Number of BUFG/BUFGCTRLs:                3  out of     16    18%  
 Number of PLL_ADVs:                      1  out of      2    50%  

---------------------------
Partition Resource Summary:
---------------------------

  No Partitions were found in this design.

---------------------------


=========================================================================
Timing Report

NOTE: THESE TIMING NUMBERS ARE ONLY A SYNTHESIS ESTIMATE.
      FOR ACCURATE TIMING INFORMATION PLEASE REFER TO THE TRACE REPORT
      GENERATED AFTER PLACE-and-ROUTE.

Clock Information:
------------------
----------------------------------------------------+-------------------------------------------------------------------------------------------------------------------------------------------+-------+
Clock Signal                                        | Clock buffer(FF name)                                                                                                                     | Load  |
----------------------------------------------------+-------------------------------------------------------------------------------------------------------------------------------------------+-------+
clock_system_inst/clk_wiz_inst/pll_base_inst/CLKOUT0| BUFG                                                                                                                                      | 174   |
clk_in                                              | IBUFG+BUFG                                                                                                                                | 50    |
chr_gen_rom_inst/N1                                 | NONE(chr_gen_rom_inst/U0/xst_blk_mem_generator/gnativebmg.native_blk_mem_gen/valid.cstr/ramloop[0].ram.r/s6_init.ram/SP.SIMPLE_PRIM18.ram)| 2     |
gra_gen_rom_inst/N1                                 | NONE(gra_gen_rom_inst/U0/xst_blk_mem_generator/gnativebmg.native_blk_mem_gen/valid.cstr/ramloop[0].ram.r/s6_init.ram/SP.SIMPLE_PRIM18.ram)| 2     |
----------------------------------------------------+-------------------------------------------------------------------------------------------------------------------------------------------+-------+
INFO:Xst:2169 - HDL ADVISOR - Some clock signals were not automatically buffered by XST with BUFG/BUFR resources. Please use the buffer_type constraint in order to insert these buffers to the clock signals to help prevent skew problems.

Asynchronous Control Signals Information:
----------------------------------------
No asynchronous control signals found in this design

Timing Summary:
---------------
Speed Grade: -2

   Minimum period: 5.042ns (Maximum Frequency: 198.334MHz)
   Minimum input arrival time before clock: 2.083ns
   Maximum output required time after clock: 6.838ns
   Maximum combinational path delay: No path found

Timing Details:
---------------
All values displayed in nanoseconds (ns)

=========================================================================
Timing constraint: Default period analysis for Clock 'clock_system_inst/clk_wiz_inst/pll_base_inst/CLKOUT0'
  Clock period: 5.042ns (frequency: 198.334MHz)
  Total number of paths / destination ports: 2302 / 322
-------------------------------------------------------------------------
Delay:               5.042ns (Levels of Logic = 3)
  Source:            vga_sys_inst/v_cnt_2 (FF)
  Destination:       vga_sys_inst/row_cnt_3 (FF)
  Source Clock:      clock_system_inst/clk_wiz_inst/pll_base_inst/CLKOUT0 rising
  Destination Clock: clock_system_inst/clk_wiz_inst/pll_base_inst/CLKOUT0 rising

  Data Path: vga_sys_inst/v_cnt_2 to vga_sys_inst/row_cnt_3
                                Gate     Net
    Cell:in->out      fanout   Delay   Delay  Logical Name (Net Name)
    ----------------------------------------  ------------
     FDRE:C->Q             4   0.525   1.234  vga_sys_inst/v_cnt_2 (vga_sys_inst/v_cnt_2)
     LUT6:I1->O            1   0.254   0.682  vga_sys_inst/_n0090_SW0 (N2)
     LUT6:I5->O           21   0.254   1.765  vga_sys_inst/_n0090 (vga_sys_inst/_n0090)
     LUT6:I0->O            1   0.254   0.000  vga_sys_inst/row_cnt_3_rstpot (vga_sys_inst/row_cnt_3_rstpot)
     FD:D                      0.074          vga_sys_inst/row_cnt_3
    ----------------------------------------
    Total                      5.042ns (1.361ns logic, 3.681ns route)
                                       (27.0% logic, 73.0% route)

=========================================================================
Timing constraint: Default period analysis for Clock 'clk_in'
  Clock period: 3.005ns (frequency: 332.779MHz)
  Total number of paths / destination ports: 106 / 95
-------------------------------------------------------------------------
Delay:               3.005ns (Levels of Logic = 1)
  Source:            bus_system_inst/rnw (FF)
  Destination:       bus_system_inst/chr_mem_we_out_0 (FF)
  Source Clock:      clk_in rising
  Destination Clock: clk_in rising

  Data Path: bus_system_inst/rnw to bus_system_inst/chr_mem_we_out_0
                                Gate     Net
    Cell:in->out      fanout   Delay   Delay  Logical Name (Net Name)
    ----------------------------------------  ------------
     FD:C->Q               2   0.525   1.002  bus_system_inst/rnw (bus_system_inst/rnw)
     LUT4:I0->O            3   0.254   0.765  bus_system_inst/ce_n_rnw_AND_2_o_inv1 (bus_system_inst/ce_n_rnw_AND_2_o_inv)
     FDR:R                     0.459          bus_system_inst/pcg_mem_we_out_0
    ----------------------------------------
    Total                      3.005ns (1.238ns logic, 1.767ns route)
                                       (41.2% logic, 58.8% route)

=========================================================================
Timing constraint: Default OFFSET IN BEFORE for Clock 'clk_in'
  Total number of paths / destination ports: 24 / 24
-------------------------------------------------------------------------
Offset:              2.083ns (Levels of Logic = 1)
  Source:            p2_in (PAD)
  Destination:       bus_system_inst/strb_sr_0 (FF)
  Destination Clock: clk_in rising

  Data Path: p2_in to bus_system_inst/strb_sr_0
                                Gate     Net
    Cell:in->out      fanout   Delay   Delay  Logical Name (Net Name)
    ----------------------------------------  ------------
     IBUF:I->O             1   1.328   0.681  p2_in_IBUF (p2_in_IBUF)
     FD:D                      0.074          bus_system_inst/strb_sr_0
    ----------------------------------------
    Total                      2.083ns (1.402ns logic, 0.681ns route)
                                       (67.3% logic, 32.7% route)

=========================================================================
Timing constraint: Default OFFSET OUT AFTER for Clock 'clk_in'
  Total number of paths / destination ports: 56 / 8
-------------------------------------------------------------------------
Offset:              6.838ns (Levels of Logic = 3)
  Source:            attributes_mem_inst/U0/xst_blk_mem_generator/gnativebmg.native_blk_mem_gen/valid.cstr/ramloop[0].ram.r/s6_init.ram/TRUE_DP.PRIM18.ram (RAM)
  Destination:       data_inout<7> (PAD)
  Source Clock:      clk_in rising

  Data Path: attributes_mem_inst/U0/xst_blk_mem_generator/gnativebmg.native_blk_mem_gen/valid.cstr/ramloop[0].ram.r/s6_init.ram/TRUE_DP.PRIM18.ram to data_inout<7>
                                Gate     Net
    Cell:in->out      fanout   Delay   Delay  Logical Name (Net Name)
    ----------------------------------------  ------------
     RAMB16BWER:CLKA->DOA7    1   2.100   0.910  U0/xst_blk_mem_generator/gnativebmg.native_blk_mem_gen/valid.cstr/ramloop[0].ram.r/s6_init.ram/TRUE_DP.PRIM18.ram (douta<7>)
     end scope: 'attributes_mem_inst:douta<7>'
     LUT5:I2->O            1   0.235   0.681  bus_system_inst/Mmux_data_out81 (data_out<7>)
     IOBUF:I->IO               2.912          data_inout_7_IOBUF (data_inout<7>)
    ----------------------------------------
    Total                      6.838ns (5.247ns logic, 1.591ns route)
                                       (76.7% logic, 23.3% route)

=========================================================================
Timing constraint: Default OFFSET OUT AFTER for Clock 'clock_system_inst/clk_wiz_inst/pll_base_inst/CLKOUT0'
  Total number of paths / destination ports: 5 / 5
-------------------------------------------------------------------------
Offset:              4.162ns (Levels of Logic = 1)
  Source:            vga_sys_inst/hsync_out (FF)
  Destination:       hsync_out (PAD)
  Source Clock:      clock_system_inst/clk_wiz_inst/pll_base_inst/CLKOUT0 rising

  Data Path: vga_sys_inst/hsync_out to hsync_out
                                Gate     Net
    Cell:in->out      fanout   Delay   Delay  Logical Name (Net Name)
    ----------------------------------------  ------------
     FDR:C->Q              2   0.525   0.725  vga_sys_inst/hsync_out (vga_sys_inst/hsync_out)
     OBUF:I->O                 2.912          hsync_out_OBUF (hsync_out)
    ----------------------------------------
    Total                      4.162ns (3.437ns logic, 0.725ns route)
                                       (82.6% logic, 17.4% route)

=========================================================================

Cross Clock Domains Report:
--------------------------

Clock to Setup on destination clock clk_in
---------------+---------+---------+---------+---------+
               | Src:Rise| Src:Fall| Src:Rise| Src:Fall|
Source Clock   |Dest:Rise|Dest:Rise|Dest:Fall|Dest:Fall|
---------------+---------+---------+---------+---------+
clk_in         |    3.005|         |         |         |
---------------+---------+---------+---------+---------+

Clock to Setup on destination clock clock_system_inst/clk_wiz_inst/pll_base_inst/CLKOUT0
----------------------------------------------------+---------+---------+---------+---------+
                                                    | Src:Rise| Src:Fall| Src:Rise| Src:Fall|
Source Clock                                        |Dest:Rise|Dest:Rise|Dest:Fall|Dest:Fall|
----------------------------------------------------+---------+---------+---------+---------+
clock_system_inst/clk_wiz_inst/pll_base_inst/CLKOUT0|    5.042|         |         |         |
----------------------------------------------------+---------+---------+---------+---------+

=========================================================================


Total REAL time to Xst completion: 7.00 secs
Total CPU time to Xst completion: 7.68 secs
 
--> 

Total memory usage is 207764 kilobytes

Number of errors   :    0 (   0 filtered)
Number of warnings :    7 (   0 filtered)
Number of infos    :   16 (   0 filtered)

